6-byte map: 65,536 of 65,536 chunks to do (0 already done)
     256/65536 chunks (  0.4%)  10.12 G programs/s  ETA  7.7 h  free: falke 1692 GB, adler 632 GB
     512/65536 chunks (  0.8%)  10.36 G programs/s  ETA  7.5 h  free: falke 1689 GB, adler 631 GB
     768/65536 chunks (  1.2%)  10.45 G programs/s  ETA  7.4 h  free: falke 1685 GB, adler 630 GB
    1024/65536 chunks (  1.6%)  10.49 G programs/s  ETA  7.3 h  free: falke 1684 GB, adler 630 GB
    1280/65536 chunks (  2.0%)  10.50 G programs/s  ETA  7.3 h  free: falke 1680 GB, adler 629 GB
    1536/65536 chunks (  2.3%)  10.52 G programs/s  ETA  7.3 h  free: falke 1677 GB, adler 629 GB
    1792/65536 chunks (  2.7%)  10.55 G programs/s  ETA  7.2 h  free: falke 1675 GB, adler 628 GB
    2048/65536 chunks (  3.1%)  10.56 G programs/s  ETA  7.2 h  free: falke 1672 GB, adler 628 GB
    2304/65536 chunks (  3.5%)  10.56 G programs/s  ETA  7.1 h  free: falke 1670 GB, adler 627 GB
    2560/65536 chunks (  3.9%)  10.55 G programs/s  ETA  7.1 h  free: falke 1670 GB, adler 627 GB
    2816/65536 chunks (  4.3%)  10.54 G programs/s  ETA  7.1 h  free: falke 1670 GB, adler 627 GB
    3072/65536 chunks (  4.7%)  10.53 G programs/s  ETA  7.1 h  free: falke 1670 GB, adler 627 GB
    3328/65536 chunks (  5.1%)  10.52 G programs/s  ETA  7.1 h  free: falke 1670 GB, adler 627 GB
    3584/65536 chunks (  5.5%)  10.52 G programs/s  ETA  7.0 h  free: falke 1670 GB, adler 627 GB
    3840/65536 chunks (  5.9%)  10.52 G programs/s  ETA  7.0 h  free: falke 1670 GB, adler 627 GB
    4096/65536 chunks (  6.2%)  10.51 G programs/s  ETA  7.0 h  free: falke 1670 GB, adler 627 GB
    4352/65536 chunks (  6.6%)  10.52 G programs/s  ETA  6.9 h  free: falke 1670 GB, adler 627 GB
    4608/65536 chunks (  7.0%)  10.53 G programs/s  ETA  6.9 h  free: falke 1670 GB, adler 627 GB
    4864/65536 chunks (  7.4%)  10.54 G programs/s  ETA  6.9 h  free: falke 1670 GB, adler 627 GB
    5120/65536 chunks (  7.8%)  10.54 G programs/s  ETA  6.8 h  free: falke 1670 GB, adler 627 GB
    5376/65536 chunks (  8.2%)  10.55 G programs/s  ETA  6.8 h  free: falke 1670 GB, adler 627 GB
    5632/65536 chunks (  8.6%)  10.55 G programs/s  ETA  6.8 h  free: falke 1670 GB, adler 627 GB
    5888/65536 chunks (  9.0%)  10.56 G programs/s  ETA  6.7 h  free: falke 1670 GB, adler 627 GB
    6144/65536 chunks (  9.4%)  10.56 G programs/s  ETA  6.7 h  free: falke 1670 GB, adler 627 GB
    6400/65536 chunks (  9.8%)  10.56 G programs/s  ETA  6.7 h  free: falke 1670 GB, adler 627 GB
    6656/65536 chunks ( 10.2%)  10.56 G programs/s  ETA  6.7 h  free: falke 1670 GB, adler 627 GB
    6912/65536 chunks ( 10.5%)  10.56 G programs/s  ETA  6.6 h  free: falke 1670 GB, adler 627 GB
    7168/65536 chunks ( 10.9%)  10.57 G programs/s  ETA  6.6 h  free: falke 1670 GB, adler 627 GB
    7424/65536 chunks ( 11.3%)  10.57 G programs/s  ETA  6.6 h  free: falke 1670 GB, adler 627 GB
    7680/65536 chunks ( 11.7%)  10.57 G programs/s  ETA  6.5 h  free: falke 1670 GB, adler 627 GB
    7936/65536 chunks ( 12.1%)  10.57 G programs/s  ETA  6.5 h  free: falke 1670 GB, adler 627 GB
    8192/65536 chunks ( 12.5%)  10.57 G programs/s  ETA  6.5 h  free: falke 1670 GB, adler 627 GB
    8448/65536 chunks ( 12.9%)  10.57 G programs/s  ETA  6.4 h  free: falke 1670 GB, adler 627 GB
    8704/65536 chunks ( 13.3%)  10.57 G programs/s  ETA  6.4 h  free: falke 1670 GB, adler 627 GB
    8960/65536 chunks ( 13.7%)  10.57 G programs/s  ETA  6.4 h  free: falke 1670 GB, adler 627 GB
    9216/65536 chunks ( 14.1%)  10.57 G programs/s  ETA  6.4 h  free: falke 1670 GB, adler 627 GB
    9472/65536 chunks ( 14.5%)  10.58 G programs/s  ETA  6.3 h  free: falke 1670 GB, adler 627 GB
    9728/65536 chunks ( 14.8%)  10.58 G programs/s  ETA  6.3 h  free: falke 1670 GB, adler 627 GB
    9984/65536 chunks ( 15.2%)  10.58 G programs/s  ETA  6.3 h  free: falke 1670 GB, adler 627 GB
   10240/65536 chunks ( 15.6%)  10.58 G programs/s  ETA  6.2 h  free: falke 1670 GB, adler 627 GB
   10496/65536 chunks ( 16.0%)  10.58 G programs/s  ETA  6.2 h  free: falke 1670 GB, adler 627 GB
   10752/65536 chunks ( 16.4%)  10.58 G programs/s  ETA  6.2 h  free: falke 1670 GB, adler 627 GB
   11008/65536 chunks ( 16.8%)  10.58 G programs/s  ETA  6.1 h  free: falke 1670 GB, adler 627 GB
   11264/65536 chunks ( 17.2%)  10.58 G programs/s  ETA  6.1 h  free: falke 1670 GB, adler 627 GB
   11520/65536 chunks ( 17.6%)  10.58 G programs/s  ETA  6.1 h  free: falke 1670 GB, adler 627 GB
   11776/65536 chunks ( 18.0%)  10.58 G programs/s  ETA  6.1 h  free: falke 1670 GB, adler 627 GB
   12032/65536 chunks ( 18.4%)  10.58 G programs/s  ETA  6.0 h  free: falke 1670 GB, adler 627 GB
   12288/65536 chunks ( 18.8%)  10.58 G programs/s  ETA  6.0 h  free: falke 1670 GB, adler 627 GB
   12544/65536 chunks ( 19.1%)  10.58 G programs/s  ETA  6.0 h  free: falke 1670 GB, adler 627 GB
   12800/65536 chunks ( 19.5%)  10.59 G programs/s  ETA  5.9 h  free: falke 1670 GB, adler 627 GB
   13056/65536 chunks ( 19.9%)  10.59 G programs/s  ETA  5.9 h  free: falke 1670 GB, adler 627 GB
   13312/65536 chunks ( 20.3%)  10.60 G programs/s  ETA  5.9 h  free: falke 1670 GB, adler 627 GB
   13568/65536 chunks ( 20.7%)  10.60 G programs/s  ETA  5.8 h  free: falke 1670 GB, adler 627 GB
   13824/65536 chunks ( 21.1%)  10.60 G programs/s  ETA  5.8 h  free: falke 1670 GB, adler 627 GB
   14080/65536 chunks ( 21.5%)  10.61 G programs/s  ETA  5.8 h  free: falke 1670 GB, adler 627 GB
   14336/65536 chunks ( 21.9%)  10.61 G programs/s  ETA  5.8 h  free: falke 1670 GB, adler 627 GB
   14592/65536 chunks ( 22.3%)  10.61 G programs/s  ETA  5.7 h  free: falke 1670 GB, adler 627 GB
   14848/65536 chunks ( 22.7%)  10.61 G programs/s  ETA  5.7 h  free: falke 1670 GB, adler 627 GB
   15104/65536 chunks ( 23.0%)  10.61 G programs/s  ETA  5.7 h  free: falke 1670 GB, adler 627 GB
   15360/65536 chunks ( 23.4%)  10.62 G programs/s  ETA  5.6 h  free: falke 1670 GB, adler 627 GB
   15616/65536 chunks ( 23.8%)  10.62 G programs/s  ETA  5.6 h  free: falke 1670 GB, adler 627 GB
   15872/65536 chunks ( 24.2%)  10.62 G programs/s  ETA  5.6 h  free: falke 1670 GB, adler 627 GB
   16128/65536 chunks ( 24.6%)  10.62 G programs/s  ETA  5.5 h  free: falke 1670 GB, adler 627 GB
   16384/65536 chunks ( 25.0%)  10.63 G programs/s  ETA  5.5 h  free: falke 1670 GB, adler 627 GB
   16640/65536 chunks ( 25.4%)  10.62 G programs/s  ETA  5.5 h  free: falke 1670 GB, adler 627 GB
   16896/65536 chunks ( 25.8%)  10.63 G programs/s  ETA  5.5 h  free: falke 1670 GB, adler 627 GB
   17152/65536 chunks ( 26.2%)  10.21 G programs/s  ETA  5.7 h  free: falke 1670 GB, adler 627 GB
   17408/65536 chunks ( 26.6%)   9.61 G programs/s  ETA  6.0 h  free: falke 1670 GB, adler 627 GB
!! RX 9060 XT failed on chunk 16998: '' - chunk put back, device retired
!! RX 9070 XT failed on chunk 17001: '' - chunk put back, device retired
!! RTX 3060 #2 failed on chunk 16988: 'ERROR zstd failed for L6/42/5c.zst\n' - chunk put back, device retired!! RTX 3060 #1 failed on chunk 16991: 'ERROR zstd failed for L6/42/5f.zst\n' - chunk put back, device retired

!! RTX 3060 #0 failed on chunk 16996: '' - chunk put back, device retired
   17664/65536 chunks ( 27.0%)   9.09 G programs/s  ETA  6.3 h  free: falke 1670 GB, adler 627 GB
   17920/65536 chunks ( 27.3%)   8.64 G programs/s  ETA  6.6 h  free: falke 1670 GB, adler 627 GB
   18176/65536 chunks ( 27.7%)   8.23 G programs/s  ETA  6.9 h  free: falke 1670 GB, adler 627 GB
   18432/65536 chunks ( 28.1%)   7.87 G programs/s  ETA  7.1 h  free: falke 1670 GB, adler 627 GB
   18688/65536 chunks ( 28.5%)   7.55 G programs/s  ETA  7.4 h  free: falke 1670 GB, adler 627 GB
   18944/65536 chunks ( 28.9%)   7.27 G programs/s  ETA  7.7 h  free: falke 1670 GB, adler 627 GB
   19200/65536 chunks ( 29.3%)   7.01 G programs/s  ETA  7.9 h  free: falke 1670 GB, adler 627 GB
   19456/65536 chunks ( 29.7%)   6.77 G programs/s  ETA  8.1 h  free: falke 1670 GB, adler 627 GB
   19712/65536 chunks ( 30.1%)   6.56 G programs/s  ETA  8.3 h  free: falke 1670 GB, adler 627 GB
   19968/65536 chunks ( 30.5%)   6.36 G programs/s  ETA  8.5 h  free: falke 1670 GB, adler 627 GB
   20224/65536 chunks ( 30.9%)   6.18 G programs/s  ETA  8.7 h  free: falke 1670 GB, adler 627 GB
!! R9700 #0 failed on chunk 16999: '' - chunk put back, device retired
!! R9700 #1 failed on chunk 17000: '' - chunk put back, device retired
   20480/65536 chunks ( 31.2%)   6.01 G programs/s  ETA  8.9 h  free: falke 1670 GB, adler 627 GB
   20736/65536 chunks ( 31.6%)   5.86 G programs/s  ETA  9.1 h  free: falke 1670 GB, adler 627 GB
   20992/65536 chunks ( 32.0%)   5.72 G programs/s  ETA  9.3 h  free: falke 1670 GB, adler 627 GB
   21248/65536 chunks ( 32.4%)   5.58 G programs/s  ETA  9.5 h  free: falke 1670 GB, adler 627 GB
   21504/65536 chunks ( 32.8%)   5.45 G programs/s  ETA  9.6 h  free: falke 1670 GB, adler 627 GB
   21760/65536 chunks ( 33.2%)   5.34 G programs/s  ETA  9.8 h  free: falke 1670 GB, adler 627 GB
   22016/65536 chunks ( 33.6%)   5.24 G programs/s  ETA  9.9 h  free: falke 1670 GB, adler 627 GB
   22272/65536 chunks ( 34.0%)   5.14 G programs/s  ETA 10.0 h  free: falke 1670 GB, adler 627 GB
   22528/65536 chunks ( 34.4%)   5.05 G programs/s  ETA 10.2 h  free: falke 1670 GB, adler 627 GB
   22784/65536 chunks ( 34.8%)   4.96 G programs/s  ETA 10.3 h  free: falke 1670 GB, adler 627 GB
   23040/65536 chunks ( 35.2%)   4.87 G programs/s  ETA 10.4 h  free: falke 1670 GB, adler 627 GB
   23296/65536 chunks ( 35.5%)   4.79 G programs/s  ETA 10.5 h  free: falke 1670 GB, adler 627 GB
   23552/65536 chunks ( 35.9%)   4.71 G programs/s  ETA 10.6 h  free: falke 1670 GB, adler 627 GB
   23808/65536 chunks ( 36.3%)   4.64 G programs/s  ETA 10.7 h  free: falke 1670 GB, adler 627 GB
   24064/65536 chunks ( 36.7%)   4.57 G programs/s  ETA 10.8 h  free: falke 1670 GB, adler 627 GB
   24320/65536 chunks ( 37.1%)   4.51 G programs/s  ETA 10.9 h  free: falke 1670 GB, adler 627 GB
   24576/65536 chunks ( 37.5%)   4.44 G programs/s  ETA 11.0 h  free: falke 1670 GB, adler 627 GB
   24832/65536 chunks ( 37.9%)   4.39 G programs/s  ETA 11.1 h  free: falke 1670 GB, adler 627 GB
   25088/65536 chunks ( 38.3%)   4.33 G programs/s  ETA 11.1 h  free: falke 1670 GB, adler 627 GB
   25344/65536 chunks ( 38.7%)   4.28 G programs/s  ETA 11.2 h  free: falke 1670 GB, adler 627 GB
   25600/65536 chunks ( 39.1%)   4.23 G programs/s  ETA 11.3 h  free: falke 1670 GB, adler 627 GB
   25856/65536 chunks ( 39.5%)   4.18 G programs/s  ETA 11.3 h  free: falke 1670 GB, adler 627 GB
   26112/65536 chunks ( 39.8%)   4.13 G programs/s  ETA 11.4 h  free: falke 1670 GB, adler 627 GB
   26368/65536 chunks ( 40.2%)   4.08 G programs/s  ETA 11.4 h  free: falke 1670 GB, adler 627 GB
   26624/65536 chunks ( 40.6%)   4.04 G programs/s  ETA 11.5 h  free: falke 1670 GB, adler 627 GB
   26880/65536 chunks ( 41.0%)   4.00 G programs/s  ETA 11.5 h  free: falke 1670 GB, adler 627 GB
   27136/65536 chunks ( 41.4%)   3.96 G programs/s  ETA 11.6 h  free: falke 1670 GB, adler 627 GB
   27392/65536 chunks ( 41.8%)   3.92 G programs/s  ETA 11.6 h  free: falke 1670 GB, adler 627 GB
   27648/65536 chunks ( 42.2%)   3.88 G programs/s  ETA 11.6 h  free: falke 1670 GB, adler 627 GB
   27904/65536 chunks ( 42.6%)   3.85 G programs/s  ETA 11.7 h  free: falke 1670 GB, adler 627 GB
   28160/65536 chunks ( 43.0%)   3.81 G programs/s  ETA 11.7 h  free: falke 1670 GB, adler 627 GB
   28416/65536 chunks ( 43.4%)   3.78 G programs/s  ETA 11.7 h  free: falke 1670 GB, adler 627 GB
   28672/65536 chunks ( 43.8%)   3.74 G programs/s  ETA 11.7 h  free: falke 1670 GB, adler 627 GB
   28928/65536 chunks ( 44.1%)   3.70 G programs/s  ETA 11.8 h  free: falke 1670 GB, adler 627 GB
   29184/65536 chunks ( 44.5%)   3.67 G programs/s  ETA 11.8 h  free: falke 1670 GB, adler 627 GB
   29440/65536 chunks ( 44.9%)   3.64 G programs/s  ETA 11.8 h  free: falke 1670 GB, adler 627 GB
   29696/65536 chunks ( 45.3%)   3.61 G programs/s  ETA 11.9 h  free: falke 1670 GB, adler 627 GB
   29952/65536 chunks ( 45.7%)   3.57 G programs/s  ETA 11.9 h  free: falke 1670 GB, adler 627 GB
   30208/65536 chunks ( 46.1%)   3.54 G programs/s  ETA 11.9 h  free: falke 1670 GB, adler 627 GB
   30464/65536 chunks ( 46.5%)   3.50 G programs/s  ETA 11.9 h  free: falke 1670 GB, adler 627 GB
   30720/65536 chunks ( 46.9%)   3.48 G programs/s  ETA 11.9 h  free: falke 1670 GB, adler 627 GB
   30976/65536 chunks ( 47.3%)   3.45 G programs/s  ETA 11.9 h  free: falke 1670 GB, adler 627 GB
   31232/65536 chunks ( 47.7%)   3.43 G programs/s  ETA 11.9 h  free: falke 1670 GB, adler 627 GB
   31488/65536 chunks ( 48.0%)   3.40 G programs/s  ETA 11.9 h  free: falke 1670 GB, adler 627 GB
   31744/65536 chunks ( 48.4%)   3.37 G programs/s  ETA 12.0 h  free: falke 1670 GB, adler 627 GB
