catalog: 219,846 behaviors; 10 removed (test functions); training on 219,836
  test 'a + b': 74,998 programs in the whole 5-byte space have this behavior (random chance 6.82e-08)
  test 'a XOR b': 77,841 programs in the whole 5-byte space have this behavior (random chance 7.08e-08)
  test '2a + b': 496 programs in the whole 5-byte space have this behavior (random chance 4.51e-10)
  test 'a + b + 1': 933 programs in the whole 5-byte space have this behavior (random chance 8.49e-10)
  test '3b': 8,426 programs in the whole 5-byte space have this behavior (random chance 7.66e-09)
  test 'a + 5': 142,060 programs in the whole 5-byte space have this behavior (random chance 1.29e-07)
  test 'NOT b': 118,899,631 programs in the whole 5-byte space have this behavior (random chance 1.08e-04)
  test 'a - 1': 108,110,261 programs in the whole 5-byte space have this behavior (random chance 9.83e-05)
  test 'rotate a left 3': 75,315 programs in the whole 5-byte space have this behavior (random chance 6.85e-08)
  test 'a XOR b XOR 7': 136 programs in the whole 5-byte space have this behavior (random chance 1.24e-10)
model parameters: 14,407,555; training 120 minutes
--- test at 0.0 min: a + b: 0/5  a XOR b: 0/5  2a + b: 0/5  a + b + 1: 0/5  3b: 0/5  a + 5: 0/5  NOT b: 0/5  a - 1: 0/5  rotate a left 3: 0/5  a XOR b XOR 7: 0/5
step 2000    2.6 min  loss 2.487  (2,048,000 examples)
step 4000    5.2 min  loss 2.221  (4,096,000 examples)
step 6000    7.8 min  loss 2.121  (6,144,000 examples)
step 8000   10.4 min  loss 2.050  (8,192,000 examples)
step 10000   12.9 min  loss 1.926  (10,240,000 examples)
--- test at 15.0 min: a + b: 0/5  a XOR b: 0/5  2a + b: 0/5  a + b + 1: 0/5  3b: 0/5  a + 5: 0/5  NOT b: 0/5  a - 1: 0/5  rotate a left 3: 0/5  a XOR b XOR 7: 0/5
step 12000   15.5 min  loss 1.951  (12,288,000 examples)
step 14000   18.1 min  loss 1.913  (14,336,000 examples)
step 16000   20.7 min  loss 1.901  (16,384,000 examples)
step 18000   23.3 min  loss 1.829  (18,432,000 examples)
step 20000   25.8 min  loss 1.870  (20,480,000 examples)
step 22000   28.4 min  loss 1.828  (22,528,000 examples)
--- test at 30.0 min: a + b: 0/5  a XOR b: 0/5  2a + b: 0/5  a + b + 1: 0/5  3b: 0/5  a + 5: 0/5  NOT b: 1/5  a - 1: 0/5  rotate a left 3: 0/5  a XOR b XOR 7: 0/5
step 24000   31.0 min  loss 1.816  (24,576,000 examples)
step 26000   33.6 min  loss 1.682  (26,624,000 examples)
step 28000   36.2 min  loss 1.712  (28,672,000 examples)
step 30000   38.8 min  loss 1.702  (30,720,000 examples)
step 32000   41.3 min  loss 1.725  (32,768,000 examples)
step 34000   43.9 min  loss 1.666  (34,816,000 examples)
--- test at 45.0 min: a + b: 0/5  a XOR b: 0/5  2a + b: 0/5  a + b + 1: 0/5  3b: 0/5  a + 5: 0/5  NOT b: 1/5  a - 1: 0/5  rotate a left 3: 0/5  a XOR b XOR 7: 0/5
step 36000   46.5 min  loss 1.680  (36,864,000 examples)
step 38000   49.1 min  loss 1.676  (38,912,000 examples)
step 40000   51.7 min  loss 1.646  (40,960,000 examples)
step 42000   54.3 min  loss 1.617  (43,008,000 examples)
step 44000   56.8 min  loss 1.629  (45,056,000 examples)
step 46000   59.4 min  loss 1.581  (47,104,000 examples)
--- test at 60.0 min: a + b: 1/5  a XOR b: 0/5  2a + b: 0/5  a + b + 1: 0/5  3b: 0/5  a + 5: 0/5  NOT b: 1/5  a - 1: 1/5  rotate a left 3: 0/5  a XOR b XOR 7: 0/5
step 48000   62.0 min  loss 1.615  (49,152,000 examples)
step 50000   64.6 min  loss 1.607  (51,200,000 examples)
step 52000   67.2 min  loss 1.549  (53,248,000 examples)
step 54000   69.8 min  loss 1.566  (55,296,000 examples)
step 56000   72.3 min  loss 1.552  (57,344,000 examples)
step 58000   74.9 min  loss 1.576  (59,392,000 examples)
--- test at 75.0 min: a + b: 0/5  a XOR b: 0/5  2a + b: 0/5  a + b + 1: 0/5  3b: 0/5  a + 5: 0/5  NOT b: 2/5  a - 1: 1/5  rotate a left 3: 0/5  a XOR b XOR 7: 0/5
step 60000   77.5 min  loss 1.533  (61,440,000 examples)
step 62000   80.1 min  loss 1.477  (63,488,000 examples)
step 64000   82.7 min  loss 1.494  (65,536,000 examples)
step 66000   85.3 min  loss 1.536  (67,584,000 examples)
step 68000   87.8 min  loss 1.445  (69,632,000 examples)
--- test at 90.0 min: a + b: 0/5  a XOR b: 0/5  2a + b: 0/5  a + b + 1: 0/5  3b: 0/5  a + 5: 0/5  NOT b: 3/5  a - 1: 1/5  rotate a left 3: 0/5  a XOR b XOR 7: 0/5
step 70000   90.5 min  loss 1.488  (71,680,000 examples)
step 72000   93.0 min  loss 1.472  (73,728,000 examples)
step 74000   95.6 min  loss 1.490  (75,776,000 examples)
step 76000   98.2 min  loss 1.467  (77,824,000 examples)
step 78000  100.8 min  loss 1.477  (79,872,000 examples)
step 80000  103.4 min  loss 1.446  (81,920,000 examples)
--- test at 105.0 min: a + b: 0/5  a XOR b: 0/5  2a + b: 0/5  a + b + 1: 0/5  3b: 0/5  a + 5: 0/5  NOT b: 1/5  a - 1: 1/5  rotate a left 3: 0/5  a XOR b XOR 7: 0/5
step 82000  106.0 min  loss 1.409  (83,968,000 examples)
step 84000  108.6 min  loss 1.454  (86,016,000 examples)
step 86000  111.1 min  loss 1.380  (88,064,000 examples)
step 88000  113.7 min  loss 1.385  (90,112,000 examples)
step 90000  116.3 min  loss 1.416  (92,160,000 examples)
step 92000  118.9 min  loss 1.375  (94,208,000 examples)
--- test at 120.0 min: a + b: 0/5  a XOR b: 0/5  2a + b: 0/5  a + b + 1: 0/5  3b: 0/5  a + 5: 1/5  NOT b: 0/5  a - 1: 1/5  rotate a left 3: 0/5  a XOR b XOR 7: 1/5
done
